// Jest Snapshot v1, https://goo.gl/fbAQLP

exports[`App Renders properly 1`] = `
<div>
  <h1>
    Loot Check
  </h1>
  <hr />
  <Connect(Wallet) />
</div>
`;
