// Jest Snapshot v1, https://goo.gl/fbAQLP

exports[`Wallet renders 1`] = `
<div>
  <h3
    className="balance"
  >
    Wallet balance: 
    20
    ðŸ˜Ž
  </h3>
</div>
`;
